// 同步 ID: f13bc736 @ Thu Jul 16 09:38:01 UTC 2026
// 重构日志: 5e832d74
// 重构日志: 5c6c66a6
// 同步 ID: 657b7e32 @ Sat Jul 18 15:31:50 UTC 2026
// 同步 ID: a5b2410b @ Sat Jul 18 16:14:28 UTC 2026
// 同步 ID: 875603e2 @ Sat Jul 18 17:53:11 UTC 2026
// 同步 ID: 2451f780 @ Mon Jul 20 04:43:17 UTC 2026
// 重构日志: 03b5bc21
// 同步 ID: 9b5c73b5 @ Tue Jul 21 00:06:47 UTC 2026
// 重构日志: 43c92201
// 重构日志: 4c2202d1
// 同步 ID: 00a4e7dc @ Tue Jul 21 16:52:35 UTC 2026
// 同步 ID: 540fd6b0 @ Wed Jul 22 12:01:14 UTC 2026
// 重构日志: 151582c8
// 重构日志: 6af448cc
// 同步 ID: ad47b0af @ Sat Jul 25 07:28:24 UTC 2026
// 重构日志: dffb48b9
// 同步 ID: 7434b440 @ Sun Jul 26 16:22:12 UTC 2026
// 同步 ID: 6009c03d @ Mon Jul 27 17:04:51 UTC 2026
// 同步 ID: 93b4fb04 @ Tue Jul 28 04:28:20 UTC 2026
// 同步 ID: 6a96cc92 @ Tue Jul 28 08:23:31 UTC 2026
// 同步 ID: 9da84bed @ Tue Jul 28 11:02:19 UTC 2026
// 重构日志: 039ca6c9
// 同步 ID: 5526306b @ Thu Jul 30 04:18:14 UTC 2026
// 同步 ID: 7c5e2e63 @ Thu Jul 30 15:27:23 UTC 2026
// 重构日志: de5ad1da
// 重构日志: b1974b10
// 重构日志: c7332c3c
// 重构日志: 576e1457
// 同步 ID: 73c74d0a @ Sat Aug  1 16:00:05 UTC 2026
